---
source: libruntime/src/run_engine.rs
expression: report
---
RunReport {
    scenario: Scenario {
        name: "default_scenario",
        version: "1",
    },
    run: Run {
        mode: "",
        seed: "",
        total_ticks: 6,
        duration_sec_planned: 3,
    },
    ticks_arrival: TicksArrival {
        total: 6,
        executed: 6,
        missed: 0,
        missed_ratio: 0.0,
        tick_interval_ms: 500,
        first_tick_ms: 0,
        last_tick_ms: 2501,
    },
    rps: Rps {
        planned_avg: 2,
        achieved_avg: 3,
        achieved_avg_including_drain: 3,
        by_stage: {
            0: ByStage {
                stage_index: 0,
                achieved_rps: 3,
                request_count: 2,
                stage_started_ms: 0,
                stage_duration_ms: 501,
            },
            1: ByStage {
                stage_index: 1,
                achieved_rps: 2,
                request_count: 4,
                stage_started_ms: 1001,
                stage_duration_ms: 1500,
            },
        },
    },
    journeys: [],
    requests: Requests {
        total: 6,
        ok: 3,
        error: 3,
    },
    latency_overall_summary: LatencySummary {
        count: 6,
        min: 0,
        max: 1,
        mean: 0,
        p50: 0,
        p90: 1,
        p95: 1,
        p99: 1,
    },
    latency_by_stage: {
        0: LatencySummary {
            count: 2,
            min: 0,
            max: 1,
            mean: 0,
            p50: 0,
            p90: 1,
            p95: 1,
            p99: 1,
        },
        1: LatencySummary {
            count: 4,
            min: 0,
            max: 0,
            mean: 0,
            p50: 0,
            p90: 0,
            p95: 0,
            p99: 0,
        },
    },
    time: Time {
        planned_start_ms: 0,
        planned_end_ms: 0,
        planned_duration_ms: 3000,
        planned_duration_sec: 3.0,
        real_time_duration_sec: 1,
    },
    missed_tick_count: 0,
    by_endpoint: {
        "GET-\"/err\"": EndpointStats {
            request: Requests {
                total: 2,
                ok: 0,
                error: 2,
            },
            latency_summary: LatencySummary {
                count: 3,
                min: 0,
                max: 1,
                mean: 0,
                p50: 0,
                p90: 1,
                p95: 1,
                p99: 1,
            },
            achieved_rps: 2.0,
            first_at_ms: 1001,
            last_at_ms: 2001,
            count: 2,
        },
        "PUT-\"/ok\"": EndpointStats {
            request: Requests {
                total: 2,
                ok: 2,
                error: 0,
            },
            latency_summary: LatencySummary {
                count: 3,
                min: 0,
                max: 0,
                mean: 0,
                p50: 0,
                p90: 0,
                p95: 0,
                p99: 0,
            },
            achieved_rps: 2.0,
            first_at_ms: 1501,
            last_at_ms: 2501,
            count: 2,
        },
    },
    by_journey: [
        ByJourney {
            id: 1,
            key: "test",
            per_vu: 300,
            per_request: 6,
        },
    ],
    sleep: 210,
    error_and_quality: ErrorAndQuality {
        http_error_rate: 50.0,
    },
    vus: VuUtilization {
        count: 1000,
        no_ready_ticks: 0,
        no_ready_ratio: 0.0,
    },
}
