---
source: libruntime/src/run_engine.rs
expression: report
---
RunReport {
    scenario: Scenario {
        name: "default_scenario",
        version: "1",
    },
    run: Run {
        mode: "",
        seed: "",
        total_ticks: 3,
        duration_sec_planned: 3,
    },
    ticks_arrival: TicksArrival {
        total: 3,
        executed: 3,
        missed: 0,
        missed_ratio: 0.0,
        tick_interval_ms: 1000,
        first_tick_ms: 0,
        last_tick_ms: 2000,
    },
    rps: Rps {
        planned_avg: 1,
        achieved_avg: 1,
        achieved_avg_including_drain: 1,
        by_stage: {
            0: ByStage {
                stage_index: 0,
                achieved_rps: 1,
                request_count: 3,
                stage_duration_ms: 2000,
                stage_started_ms: 0,
            },
        },
    },
    journeys: [],
    requests: Requests {
        total: 3,
        ok: 1,
        error: 2,
    },
    latency_ms: LatencyMs {
        min: 0,
        max: 1,
        avg: Some(
            0,
        ),
    },
    time: Time {
        planned_start_ms: 0,
        planned_end_ms: 0,
        planned_duration_ms: 3000,
        planned_duration_sec: 3.0,
        real_time_duration_sec: 2,
    },
    missed_tick_count: 0,
    by_endpoint: {
        "GET-\"/err\"": EndpointStats {
            request: Requests {
                total: 1,
                ok: 0,
                error: 1,
            },
            latency_ms: LatencyMs {
                min: 1,
                max: 1,
                avg: Some(
                    9223372036854775807,
                ),
            },
            achieved_rps: 1000.0,
            first_at_ms: 2000,
            last_at_ms: 2000,
            count: 1,
        },
        "PUT-\"/ok\"": EndpointStats {
            request: Requests {
                total: 0,
                ok: 0,
                error: 0,
            },
            latency_ms: LatencyMs {
                min: 18446744073709551615,
                max: 0,
                avg: Some(
                    0,
                ),
            },
            achieved_rps: 0.0,
            first_at_ms: 0,
            last_at_ms: 0,
            count: 0,
        },
    },
    by_journey: [
        ByJourney {
            id: 1,
            key: "test",
            per_vu: 19642,
            per_request: 3,
        },
    ],
    sleep: 70,
    error_and_quality: ErrorAndQuality {
        http_error_rate: 67.0,
    },
    vus: VuUtilization {
        count: 65535,
        no_ready_ticks: 0,
        no_ready_ratio: 0.0,
    },
}
