---
source: libruntime/src/run_engine.rs
expression: report
---
RunReport {
    scenario: Scenario {
        name: "default_scenario",
        version: "1",
    },
    run: Run {
        mode: "",
        seed: "",
        total_ticks: 6000,
        duration_sec_planned: 6,
    },
    ticks_arrival: TicksArrival {
        total: 6000,
        executed: 6000,
        missed: 0,
        missed_ratio: 0.0,
        tick_interval_ms: 0,
        first_tick_ms: 0,
        last_tick_ms: 2999,
    },
    rps: Rps {
        planned_avg: 1000,
        achieved_avg: 2000,
        achieved_avg_including_drain: 2000,
        by_stage: {
            0: ByStage {
                stage_index: 0,
                achieved_rps: 1000,
                request_count: 3000,
                stage_duration_ms: 2999,
                stage_started_ms: 0,
            },
            1: ByStage {
                stage_index: 1,
                achieved_rps: 1000,
                request_count: 3000,
                stage_duration_ms: 2999,
                stage_started_ms: 0,
            },
        },
    },
    journeys: [],
    requests: Requests {
        total: 6000,
        ok: 6000,
        error: 0,
    },
    latency_ms: LatencyMs {
        sum: 0,
        min: 0,
        max: 99,
        avg: 0,
    },
    time: Time {
        planned_start_ms: 0,
        planned_end_ms: 0,
        planned_duration_ms: 6000,
        planned_duration_sec: 6.0,
        real_time_duration_sec: 3,
    },
    missed_tick_count: 0,
    by_endpoint: {
        "DELETE-\"/test/third\"": EndpointStats {
            request: Requests {
                total: 576,
                ok: 576,
                error: 0,
            },
            latency_ms: LatencyMs {
                sum: 29290,
                min: 0,
                max: 99,
                avg: 50,
            },
            achieved_rps: 195.0,
            first_at_ms: 45,
            last_at_ms: 2992,
            count: 576,
        },
        "GET-\"/test\"": EndpointStats {
            request: Requests {
                total: 1723,
                ok: 1723,
                error: 0,
            },
            latency_ms: LatencyMs {
                sum: 84228,
                min: 0,
                max: 99,
                avg: 48,
            },
            achieved_rps: 576.0,
            first_at_ms: 3,
            last_at_ms: 2995,
            count: 1723,
        },
        "GET-\"/test2\"": EndpointStats {
            request: Requests {
                total: 715,
                ok: 715,
                error: 0,
            },
            latency_ms: LatencyMs {
                sum: 35379,
                min: 0,
                max: 99,
                avg: 49,
            },
            achieved_rps: 239.0,
            first_at_ms: 6,
            last_at_ms: 2999,
            count: 715,
        },
        "GET-\"/test3\"": EndpointStats {
            request: Requests {
                total: 589,
                ok: 589,
                error: 0,
            },
            latency_ms: LatencyMs {
                sum: 29394,
                min: 0,
                max: 99,
                avg: 49,
            },
            achieved_rps: 197.0,
            first_at_ms: 4,
            last_at_ms: 2998,
            count: 589,
        },
        "PATCH-\"/test/new\"": EndpointStats {
            request: Requests {
                total: 1692,
                ok: 1692,
                error: 0,
            },
            latency_ms: LatencyMs {
                sum: 83636,
                min: 0,
                max: 99,
                avg: 49,
            },
            achieved_rps: 570.0,
            first_at_ms: 19,
            last_at_ms: 2989,
            count: 1692,
        },
        "PUT-\"/test777\"": EndpointStats {
            request: Requests {
                total: 699,
                ok: 699,
                error: 0,
            },
            latency_ms: LatencyMs {
                sum: 32278,
                min: 0,
                max: 99,
                avg: 46,
            },
            achieved_rps: 236.0,
            first_at_ms: 29,
            last_at_ms: 2991,
            count: 699,
        },
    },
    by_journey: [
        ByJourney {
            id: 1,
            key: "default_scenario",
            per_vu: 19642,
            per_request: 6000,
        },
    ],
    sleep: 191350,
    error_and_quality: ErrorAndQuality {
        http_error_rate: 0.0,
    },
    vus: VuUtilization {
        count: 65535,
        no_ready_ticks: 0,
        no_ready_ratio: 0.0,
    },
}
