---
source: libruntime/src/run_engine.rs
expression: report
---
RunReport {
    scenario: Scenario {
        name: "default_scenario",
        version: "1",
    },
    run: Run {
        mode: "",
        seed: "",
        total_ticks: 2,
        duration_sec_planned: 2,
    },
    ticks_arrival: TicksArrival {
        total: 2,
        executed: 2,
        missed: 0,
        missed_ratio: 0.0,
        tick_interval_ms: 0,
        first_tick_ms: 0,
        last_tick_ms: 0,
    },
    rps: Rps {
        planned_avg: 1,
        achieved_avg: 0,
        achieved_avg_including_drain: 18446744073709551615,
        by_stage: {
            0: ByStage {
                stage_index: 0,
                achieved_rps: 0,
                request_count: 1,
                stage_duration_ms: 0,
                stage_started_ms: 0,
            },
            1: ByStage {
                stage_index: 1,
                achieved_rps: 0,
                request_count: 1,
                stage_duration_ms: 0,
                stage_started_ms: 0,
            },
        },
    },
    journeys: [],
    requests: Requests {
        total: 2,
        ok: 0,
        error: 2,
    },
    latency_ms: LatencyMs {
        sum: 3,
        min: 1,
        max: 2,
        avg: 0,
    },
    time: Time {
        planned_start_ms: 0,
        planned_end_ms: 0,
        planned_duration_ms: 2000,
        planned_duration_sec: 2.0,
        real_time_duration_sec: 1,
    },
    missed_tick_count: 0,
    by_endpoint: {
        "GET-\"/err\"": EndpointStats {
            request: Requests {
                total: 1,
                ok: 0,
                error: 1,
            },
            latency_ms: LatencyMs {
                sum: 2,
                min: 2,
                max: 2,
                avg: 2,
            },
            achieved_rps: 1000.0,
            first_at_ms: 0,
            last_at_ms: 0,
            count: 1,
        },
    },
    by_journey: [
        ByJourney {
            id: 2,
            key: "test",
            per_vu: 13070,
            per_request: 2,
        },
    ],
    sleep: 0,
    error_and_quality: ErrorAndQuality {
        http_error_rate: 100.0,
    },
    vus: VuUtilization {
        count: 65535,
        no_ready_ticks: 0,
        no_ready_ratio: 0.0,
    },
}
