---
source: libruntime/src/run_engine.rs
expression: report
---
RunReport {
    scenario: Scenario {
        name: "default_scenario",
        version: "1",
    },
    run: Run {
        mode: "",
        seed: "",
        total_ticks: 6000,
        duration_sec_planned: 6,
    },
    ticks_arrival: TicksArrival {
        total: 6000,
        executed: 6000,
        missed: 0,
        missed_ratio: 0.0,
        tick_interval_ms: 1,
        first_tick_ms: 0,
        last_tick_ms: 5999,
    },
    rps: Rps {
        planned_avg: 1000,
        achieved_avg: 1000,
        achieved_avg_including_drain: 1000,
        by_stage: {
            0: ByStage {
                stage_index: 0,
                achieved_rps: 1000,
                request_count: 3000,
                stage_started_ms: 0,
                stage_duration_ms: 2999,
            },
            1: ByStage {
                stage_index: 1,
                achieved_rps: 1000,
                request_count: 3000,
                stage_started_ms: 3000,
                stage_duration_ms: 2999,
            },
        },
    },
    journeys: [],
    requests: Requests {
        total: 6000,
        ok: 6000,
        error: 0,
    },
    latency_overall_summary: LatencySummary {
        count: 6000,
        min: 0,
        max: 0,
        mean: 0,
        p50: 0,
        p90: 0,
        p95: 0,
        p99: 0,
    },
    latency_by_stage: {
        0: LatencySummary {
            count: 3000,
            min: 0,
            max: 0,
            mean: 0,
            p50: 0,
            p90: 0,
            p95: 0,
            p99: 0,
        },
        1: LatencySummary {
            count: 3000,
            min: 0,
            max: 0,
            mean: 0,
            p50: 0,
            p90: 0,
            p95: 0,
            p99: 0,
        },
    },
    time: Time {
        planned_start_ms: 0,
        planned_end_ms: 0,
        planned_duration_ms: 6000,
        planned_duration_sec: 6.0,
        real_time_duration_sec: 3,
    },
    missed_tick_count: 0,
    by_endpoint: {
        "DELETE-\"/test/third\"": EndpointStats {
            request: Requests {
                total: 560,
                ok: 560,
                error: 0,
            },
            latency_summary: LatencySummary {
                count: 561,
                min: 0,
                max: 0,
                mean: 0,
                p50: 0,
                p90: 0,
                p95: 0,
                p99: 0,
            },
            achieved_rps: 94.0,
            first_at_ms: 45,
            last_at_ms: 5992,
            count: 560,
        },
        "GET-\"/test\"": EndpointStats {
            request: Requests {
                total: 1668,
                ok: 1668,
                error: 0,
            },
            latency_summary: LatencySummary {
                count: 1669,
                min: 0,
                max: 0,
                mean: 0,
                p50: 0,
                p90: 0,
                p95: 0,
                p99: 0,
            },
            achieved_rps: 278.0,
            first_at_ms: 3,
            last_at_ms: 5997,
            count: 1668,
        },
        "GET-\"/test2\"": EndpointStats {
            request: Requests {
                total: 779,
                ok: 779,
                error: 0,
            },
            latency_summary: LatencySummary {
                count: 780,
                min: 0,
                max: 0,
                mean: 0,
                p50: 0,
                p90: 0,
                p95: 0,
                p99: 0,
            },
            achieved_rps: 130.0,
            first_at_ms: 6,
            last_at_ms: 5986,
            count: 779,
        },
        "GET-\"/test3\"": EndpointStats {
            request: Requests {
                total: 566,
                ok: 566,
                error: 0,
            },
            latency_summary: LatencySummary {
                count: 567,
                min: 0,
                max: 0,
                mean: 0,
                p50: 0,
                p90: 0,
                p95: 0,
                p99: 0,
            },
            achieved_rps: 95.0,
            first_at_ms: 4,
            last_at_ms: 5981,
            count: 566,
        },
        "PATCH-\"/test/new\"": EndpointStats {
            request: Requests {
                total: 1648,
                ok: 1648,
                error: 0,
            },
            latency_summary: LatencySummary {
                count: 1649,
                min: 0,
                max: 0,
                mean: 0,
                p50: 0,
                p90: 0,
                p95: 0,
                p99: 0,
            },
            achieved_rps: 276.0,
            first_at_ms: 19,
            last_at_ms: 5999,
            count: 1648,
        },
        "PUT-\"/test777\"": EndpointStats {
            request: Requests {
                total: 773,
                ok: 773,
                error: 0,
            },
            latency_summary: LatencySummary {
                count: 774,
                min: 0,
                max: 0,
                mean: 0,
                p50: 0,
                p90: 0,
                p95: 0,
                p99: 0,
            },
            achieved_rps: 130.0,
            first_at_ms: 29,
            last_at_ms: 5995,
            count: 773,
        },
    },
    by_journey: [
        ByJourney {
            id: 1,
            key: "default_scenario",
            per_vu: 19642,
            per_request: 6000,
        },
    ],
    sleep: 192730,
    error_and_quality: ErrorAndQuality {
        http_error_rate: 0.0,
    },
    vus: VuUtilization {
        count: 65535,
        no_ready_ticks: 0,
        no_ready_ratio: 0.0,
    },
}
