---
source: libprotocol/tests/integration_test.rs
expression: e
---
ValidationErrors {
    items: [
        ValidationError {
            path: "",
            code: "",
            message: "\"journeys\" is a required property",
        },
        ValidationError {
            path: "",
            code: "json_parse_error",
            message: "Failed to parse JSON: missing field `journeys`",
        },
    ],
}
