---
source: lt_engine/tests/integration_test.rs
expression: cmd.output()
---
Ok(
    Output {
        status: ExitStatus(
            unix_wait_status(
                0,
            ),
        ),
        stdout: "ok\nDryRunReport { iterations: 100, seed: 1000, journeys: 100, steps: StepsCounting { request_count: 100, sleep_count: 100 }, endpoints: {\"GET /test\": 80, \"GET /test2\": 20} }\n",
        stderr: "scenario path: /Users/v.smolyakov/projects/Load-Testing/libprotocol/tests/fixtures/valid-extended-scenario.json\n",
    },
)
